// Jest Snapshot v1, https://goo.gl/fbAQLP

exports[`Launch Screen Displays a known initial View 1`] = `
<View
  style={
    Object {
      "flex": 1,
    }
  }
>
  <View
    style={
      Object {
        "alignItems": "center",
        "backgroundColor": "whitesmoke",
        "flex": 1,
        "flexDirection": "column",
        "justifyContent": "center",
      }
    }
  >
    <Text
      accessible={true}
      allowFontScaling={true}
      disabled={false}
      ellipsizeMode="tail"
    >
      Hello World
    </Text>
  </View>
  <RCTScrollView
    style={
      Object {
        "flex": 1,
        "flexDirection": "column",
      }
    }
  >
    <View />
  </RCTScrollView>
</View>
`;
